OOS 3141 eligible universe (status!=None) 1284 Counter({'lean': 959, 'neutral': 248, 'top_pick': 75, 'value': 2})
slates 28 slates with 0 champion picks 5
rule                     n  hits  hit%   meanQ  hit-Q  ROI   games maxPerGame overlapW/champ  CI
champion(top_pick)        75   40  0.533  0.549 -0.016 -0.027   56    4     75  [0.412,0.651]
raw_p                     75   50  0.667  0.616 +0.051 +0.092   58    4     15  [0.558,0.785]
calibrated_pcal           75   40  0.533  0.629 -0.096 -0.153   58    5     11  [0.427,0.647]
price_q(favorite)         75   46  0.613  0.676 -0.063 -0.092   57    4      3  [0.500,0.730]
price_recal_p1            75   45  0.600  0.665 -0.065 -0.102   56    4      5  [0.500,0.702]
blend_p2                  75   44  0.587  0.663 -0.077 -0.118   60    4      5  [0.474,0.690]
residual_p2-p1            75   46  0.613  0.561 +0.053 +0.106   59    4     24  [0.500,0.732]
edge_p-q                  75   43  0.573  0.505 +0.068 +0.124   61    4     20  [0.453,0.695]
champion family mix Counter({'strikeouts': 31, 'hits_runs_rbis': 21, 'pitcher_outs': 17, 'hits': 6})
champion by family hit: {'hits_runs_rbis': (21, np.float64(0.571)), 'pitcher_outs': (17, np.float64(0.706)), 'hits': (6, np.float64(0.333)), 'strikeouts': (31, np.float64(0.452))}
champion stated vs real by family: {'hits_runs_rbis': (np.float64(0.658), np.float64(0.606), np.float64(0.571)), 'pitcher_outs': (np.float64(0.674), np.float64(0.526), np.float64(0.706)), 'hits': (np.float64(0.635), np.float64(0.582), np.float64(0.333)), 'strikeouts': (np.float64(0.614), np.float64(0.516), np.float64(0.452))}
champion picks per game dist Counter({1: 43, 2: 9, 4: 2, 3: 2})
week 2026-08-31 523 p2-p1 0.0027 p-q -0.0006
week 2026-09-07 492 p2-p1 0.0011 p-q 0.0123
week 2026-09-14 555 p2-p1 -0.0007 p-q 0.0189
week 2026-09-21 1571 p2-p1 0.0002 p-q 0.005
fam hits 355 p2-p1 -0.0003 pcal-p 0.0055
fam hits_runs_rbis 392 p2-p1 0.0004 pcal-p 0.0116
fam other 2119 p2-p1 0.0011 pcal-p -0.0012
fam pitcher_outs 137 p2-p1 -0.0087 pcal-p -0.0151
fam strikeouts 138 p2-p1 0.0057 pcal-p 0.0111
