{
 "kpx": 150,
 "kd": 1500,
 "coef": {
  "P1": {
   "intercept": 0.6132793132263172,
   "Lb": 0.5719891450879174,
   "Lpx": 0.8897096280283461,
   "same_hand": -0.01545805767467785
  },
  "P2": {
   "intercept": 0.5809897097149856,
   "Lb": 0.5725921980058633,
   "Lpx": 0.8691126927409498,
   "same_hand": -0.014625799322873882,
   "Dteam": 0.5729964649194712
  }
 },
 "holdout_2025": {
  "P0_CH1a_refit_reference": {
   "holdout_ll_jul16_end": -0.5268796683544187,
   "coef_first_half": {
    "intercept": 0.006789156688444068,
    "Lb": 0.5292363339497117,
    "Lp": 0.45411923199701115,
    "same_hand": -0.002889333260502537
   }
  },
  "P1": {
   "holdout_ll_jul16_end": -0.5266852023430016,
   "coef_first_half": {
    "intercept": 0.43730425875945034,
    "Lb": 0.5065324636491538,
    "Lpx": 0.8127852666571505,
    "same_hand": -0.0009159274879072894
   }
  },
  "P2": {
   "holdout_ll_jul16_end": -0.5266648861957737,
   "coef_first_half": {
    "intercept": 0.4334025009691288,
    "Lb": 0.5135444321666871,
    "Lpx": 0.8053319703329863,
    "same_hand": 0.00029810859418759767,
    "Dteam": 0.665478329383028
   }
  },
  "diag_P1_plus_pitcher_residual": {
   "holdout_ll_jul16_end": -0.5266866351023728,
   "coef_first_half": {
    "intercept": 0.4186624253643665,
    "Lb": 0.5150536057693118,
    "Lpx": 0.7895723911980203,
    "resid": 0.1552793901014365,
    "same_hand": -0.0009142498631953672
   }
  }
 }
} fbe9362fe2ac0dddcb85ad363a1056ad4392a7a109385cca374e5d459e026c42

real	0m24.353s
user	0m13.964s
sys	0m8.890s
