{
 "population": {
  "batter_games": 39298,
  "dates": 163,
  "first": "2026-04-15",
  "last": "2026-09-27",
  "h1_base_rate": 0.584660796987124
 },
 "primary": {
  "K5": {
   "CH0_rate": 0.6392638036809816,
   "CH0b": {
    "rate": 0.6662576687116564,
    "diff_pp": 2.699386503067485,
    "ci95_pp": [
     -0.3680981595092026,
     5.6441717791411055
    ],
    "picks_each": 815
   },
   "CH1a": {
    "rate": 0.7030674846625766,
    "diff_pp": 6.38036809815951,
    "ci95_pp": [
     2.331288343558282,
     10.064417177914095
    ],
    "picks_each": 815
   },
   "CH1": {
    "rate": 0.6944785276073618,
    "diff_pp": 5.521472392638037,
    "ci95_pp": [
     1.4723926380368104,
     9.447852760736195
    ],
    "picks_each": 815
   }
  },
  "K10": {
   "CH0_rate": 0.6576687116564417,
   "CH0b": {
    "rate": 0.6723926380368098,
    "diff_pp": 1.4723926380368104,
    "ci95_pp": [
     -0.368098159509202,
     3.312883435582823
    ],
    "picks_each": 1630
   },
   "CH1a": {
    "rate": 0.6858895705521473,
    "diff_pp": 2.8220858895705527,
    "ci95_pp": [
     0.18404907975460208,
     5.460122699386504
    ],
    "picks_each": 1630
   },
   "CH1": {
    "rate": 0.6809815950920245,
    "diff_pp": 2.3312883435582834,
    "ci95_pp": [
     -0.18558282208588922,
     4.9079754601227
    ],
    "picks_each": 1630
   }
  },
  "K20": {
   "CH0_rate": 0.6450920245398772,
   "CH0b": {
    "rate": 0.6527607361963189,
    "diff_pp": 0.7668711656441718,
    "ci95_pp": [
     -0.4907975460122699,
     1.9325153374233124
    ],
    "picks_each": 3260
   },
   "CH1a": {
    "rate": 0.6677914110429448,
    "diff_pp": 2.2699386503067487,
    "ci95_pp": [
     0.6134969325153382,
     3.834355828220859
    ],
    "picks_each": 3260
   },
   "CH1": {
    "rate": 0.664723926380368,
    "diff_pp": 1.9631901840490802,
    "ci95_pp": [
     0.3673312883435584,
     3.5582822085889565
    ],
    "picks_each": 3260
   }
  }
 },
 "verdict_K10_CH1_vs_CH0": "INCONCLUSIVE",
 "stability_K10_diff_pp_by_half": {
  "apr15_jun30": -0.38961038961038863,
  "jul01_end": 4.767441860465117
 }
}
