{
 "k": {
  "kb": 200,
  "kp": 150,
  "kf": 100,
  "ku": 400
 },
 "coef": {
  "CH0b": {
   "intercept": -0.4859771882452373,
   "Lb": 0.6128839762082873
  },
  "CH1a": {
   "intercept": 0.1798789733471552,
   "Lb": 0.5572236481365692,
   "Lp": 0.5660894336377443,
   "same_hand": -0.019071082924957128
  },
  "CH1": {
   "intercept": 0.04706262002484956,
   "Lb": 0.4991910685146265,
   "Lp": 0.5201445286395663,
   "same_hand": -0.01905112003341345,
   "M": 0.1834656375825529
  }
 },
 "split": {
  "CH0b": {
   "holdout_ll_jul16_sep": -0.5272301800826206,
   "coef_first_half": {
    "intercept": -0.47996879247586405,
    "Lb": 0.6085609076086353
   }
  },
  "CH1a": {
   "holdout_ll_jul16_sep": -0.5268796683544187,
   "coef_first_half": {
    "intercept": 0.006789156688444068,
    "Lb": 0.5292363339497117,
    "Lp": 0.45411923199701115,
    "same_hand": -0.002889333260502537
   }
  },
  "CH1": {
   "holdout_ll_jul16_sep": -0.5268845393347409,
   "coef_first_half": {
    "intercept": -0.06701592311145238,
    "Lb": 0.435752101020023,
    "Lp": 0.4902483852759181,
    "same_hand": 0.0004982960404777952,
    "M": 0.12048771142526998
   }
  }
 },
 "sha256": "6c0ecde23577659c1e72e18448415208eb4f5d7d2748f24b9631cd01ded7d6aa"
}
