{
 "population": {
  "batter_games": 37338,
  "dates": 163,
  "first": "2025-04-15",
  "last": "2025-09-28",
  "h1_base_rate": 0.6201992608066849
 },
 "repair": {
  "settlement_identity": "(game_pk, batter); hits/TB summed over every PA of the player-game",
  "audited_rule_fragments": {
   "rows_by_stand": 41629,
   "player_games_split": 2281,
   "split_with_conflicting_h1": 1163
  },
  "matchup_side": "statsapi batSide; switch hitter bats opposite the starter's hand; bullpen side mixed by league RHP share of relief PAs as of D-1; undeterminable side excluded",
  "side_excluded_rows": 0,
  "switch_hitter_player_games": 4182,
  "rows_before_min_pa": 39348,
  "raw_provenance": {
   "raw_files_verified": 385,
   "manifest_sha256": "3fb1d0170a3f465ec30625b3deb08e17bae3f4858a468b0cae9f97d608b1d16a",
   "pa_parquet_sha256": "cb06b8f38c9dd8275194ebe60dc4c24e263b1fa366edd03f42c4b9abf03387a4",
   "pitches_parquet_sha256": "a87b1c7e560639aa692bfad87ae8a875147db53c3c612e484928fe26de639c76",
   "pitches": 1429320,
   "pa": 366775
  }
 },
 "primary": {
  "K5": {
   "counts": {
    "selected_rows": 815,
    "dates": 163,
    "dates_short": 0,
    "shortfalls": {}
   },
   "CH0_rate": 0.6773006134969326,
   "CH0b": {
    "rate": 0.6834355828220858,
    "diff_pp": 0.6134969325153377,
    "ci95_pp": [
     -2.2085889570552144,
     3.4355828220858897
    ],
    "selected_rows": 815
   },
   "CH1a": {
    "rate": 0.7263803680981594,
    "diff_pp": 4.9079754601226995,
    "ci95_pp": [
     1.1042944785276076,
     8.343558282208589
    ],
    "selected_rows": 815
   },
   "CH1": {
    "rate": 0.7214723926380368,
    "diff_pp": 4.417177914110431,
    "ci95_pp": [
     0.736196319018405,
     7.85276073619632
    ],
    "selected_rows": 815
   },
   "CH1_minus_CH1a": {
    "diff_pp": -0.49079754601227,
    "ci95_pp": [
     -1.9631901840490795,
     0.98159509202454
    ]
   }
  },
  "K10": {
   "counts": {
    "selected_rows": 1630,
    "dates": 163,
    "dates_short": 0,
    "shortfalls": {}
   },
   "CH0_rate": 0.6613496932515338,
   "CH0b": {
    "rate": 0.6858895705521473,
    "diff_pp": 2.45398773006135,
    "ci95_pp": [
     0.490797546012271,
     4.478527607361964
    ],
    "selected_rows": 1630
   },
   "CH1a": {
    "rate": 0.7085889570552147,
    "diff_pp": 4.723926380368099,
    "ci95_pp": [
     2.269938650306749,
     6.993865030674848
    ],
    "selected_rows": 1630
   },
   "CH1": {
    "rate": 0.7055214723926381,
    "diff_pp": 4.417177914110431,
    "ci95_pp": [
     2.0245398773006147,
     6.809815950920246
    ],
    "selected_rows": 1630
   },
   "CH1_minus_CH1a": {
    "diff_pp": -0.3067484662576686,
    "ci95_pp": [
     -1.1042944785276074,
     0.5521472392638036
    ]
   }
  },
  "K20": {
   "counts": {
    "selected_rows": 3260,
    "dates": 163,
    "dates_short": 0,
    "shortfalls": {}
   },
   "CH0_rate": 0.6754601226993865,
   "CH0b": {
    "rate": 0.6874233128834356,
    "diff_pp": 1.1963190184049077,
    "ci95_pp": [
     -0.03144171779141182,
     2.453987730061349
    ],
    "selected_rows": 3260
   },
   "CH1a": {
    "rate": 0.7021472392638037,
    "diff_pp": 2.668711656441718,
    "ci95_pp": [
     1.1042944785276074,
     4.263803680981594
    ],
    "selected_rows": 3260
   },
   "CH1": {
    "rate": 0.7015337423312883,
    "diff_pp": 2.607361963190184,
    "ci95_pp": [
     1.1042944785276068,
     4.111196319018401
    ],
    "selected_rows": 3260
   },
   "CH1_minus_CH1a": {
    "diff_pp": -0.06134969325153458,
    "ci95_pp": [
     -0.5828220858895714,
     0.4294478527607356
    ]
   }
  }
 },
 "verdict_K10_CH1_vs_CH0": "IMPROVES"
}
