{
 "coef": {
  "D0": {
   "intercept": 0.1798789733471552,
   "Lb": 0.5572236481365692,
   "Lp": 0.5660894336377443,
   "same_hand": -0.019071082924957128
  },
  "D1": {
   "intercept": 0.17507015947858023,
   "Lb": 0.5589172386940829,
   "Lp": 0.5632562607323378,
   "same_hand": -0.01863046464543494,
   "Dteam": 0.3219072068444666
  }
 },
 "d0_refit_check": {
  "refit": {
   "intercept": 0.1798789733471552,
   "Lb": 0.5572236481365692,
   "Lp": 0.5660894336377443,
   "same_hand": -0.019071082924957128
  },
  "max_abs_dev_vs_frozen_CH1a": 0.0,
  "tol": 0.0001
 },
 "holdout_2025": {
  "D0_refit": {
   "holdout_ll_jul16_end": -0.5268796683544187,
   "coef_first_half": {
    "intercept": 0.006789156688444068,
    "Lb": 0.5292363339497117,
    "Lp": 0.45411923199701115,
    "same_hand": -0.002889333260502537
   }
  },
  "D1": {
   "holdout_ll_jul16_end": -0.5268675600105599,
   "coef_first_half": {
    "intercept": 0.049749155256121586,
    "Lb": 0.5589382090928985,
    "Lp": 0.4600151196830837,
    "same_hand": -0.0005579157935704055,
    "Dteam": 0.3884479812883454
   }
  }
 }
} 2206fa1cd3784d3d6e781dafa71538e3208bbd431230da3afb56c32db026337b

real	0m25.343s
user	0m10.032s
sys	0m9.594s
